 HelloWorldApp

 Timestamp is 6770c4b1 (Sun Dec 29 12:40:33 2024)

 Preferred load address is 0000000000000000

 Start         Length     Name                   Class
 0001:00000000 00000004H .text                   CODE
 0001:00000004 0000127aH .text$mn                CODE
 0002:00000000 00000030H .data                   DATA
 0002:00000030 00000740H .rdata                  DATA
 0002:00000770 00000028H .bss                    DATA
 0002:00000798 00000018H .rdata$voltmd           DATA
 0002:000007b0 000000a8H .rdata$zzzdbg           DATA
 0003:00000000 00000048H .pdata                  DATA
 0004:00000000 00000060H .xdata                  DATA

  Address         Publics by Value              Rva+Base               Lib:Object

 0000:00000000       __AbsoluteZero             0000000000000000     <absolute>
 0000:00000000       __arm64x_extra_rfe_table   0000000000000000     <absolute>
 0000:00000000       __arm64x_extra_rfe_table_size 0000000000000000     <absolute>
 0000:00000000       __arm64x_native_entrypoint 0000000000000000     <absolute>
 0000:00000000       __arm64x_redirection_metadata 0000000000000000     <absolute>
 0000:00000000       __arm64x_redirection_metadata_count 0000000000000000     <absolute>
 0000:00000000       __dynamic_value_reloc_table 0000000000000000     <absolute>
 0000:00000000       __enclave_config           0000000000000000     <absolute>
 0000:00000000       __guard_check_icall_a64n_fptr 0000000000000000     <absolute>
 0000:00000000       __guard_eh_cont_count      0000000000000000     <absolute>
 0000:00000000       __guard_eh_cont_table      0000000000000000     <absolute>
 0000:00000000       __guard_fids_count         0000000000000000     <absolute>
 0000:00000000       __guard_fids_table         0000000000000000     <absolute>
 0000:00000000       __guard_flags              0000000000000000     <absolute>
 0000:00000000       __guard_iat_count          0000000000000000     <absolute>
 0000:00000000       __guard_iat_table          0000000000000000     <absolute>
 0000:00000000       __guard_longjmp_count      0000000000000000     <absolute>
 0000:00000000       __guard_longjmp_table      0000000000000000     <absolute>
 0000:00000000       __hybrid_auxiliary_delayload_iat 0000000000000000     <absolute>
 0000:00000000       __hybrid_auxiliary_delayload_iat_copy 0000000000000000     <absolute>
 0000:00000000       __hybrid_auxiliary_iat     0000000000000000     <absolute>
 0000:00000000       __hybrid_auxiliary_iat_copy 0000000000000000     <absolute>
 0000:00000000       __hybrid_code_map          0000000000000000     <absolute>
 0000:00000000       __hybrid_code_map_count    0000000000000000     <absolute>
 0000:00000000       __hybrid_image_info_bitfield 0000000000000000     <absolute>
 0000:00000000       __x64_code_ranges_to_entry_points 0000000000000000     <absolute>
 0000:00000000       __x64_code_ranges_to_entry_points_count 0000000000000000     <absolute>
 0000:00000000       __ImageBase                0000000000000000     <linker-defined>
 0001:00000000       __report_rangecheckfailure 0000000000001000     StackCheckLibNull:StackCheckFunctionsMsvc.obj
 0001:00000001       __GSHandlerCheck           0000000000001001     StackCheckLibNull:StackCheckFunctionsMsvc.obj
 0001:00000002       __security_check_cookie    0000000000001002     StackCheckLibNull:StackCheckFunctionsMsvc.obj
 0001:00000004       _ModuleEntryPoint          0000000000001004 f   UefiApplicationEntryPoint:ApplicationEntryPoint.obj
 0001:00000030       efi_main                   0000000000001030 f   HelloWorldApp:main.obj
 0001:000001dc       InternalAllocatePool       00000000000011dc f   UefiMemoryAllocationLib:MemoryAllocationLib.obj
 0001:00000214       InternalPrint              0000000000001214 f   UefiLib:UefiLibPrint.obj
 0001:000002b0       Print                      00000000000012b0 f   UefiLib:UefiLibPrint.obj
 0001:000002e0       ZeroMem                    00000000000012e0 f   BaseMemoryLib:ZeroMemWrapper.obj
 0001:00000350       StrnLenS                   0000000000001350 f   BaseLib:SafeString.obj
 0001:0000037c       BasePrintLibFillBuffer     000000000000137c f   BasePrintLib:PrintLibInternal.obj
 0001:000003b0       BasePrintLibSPrintMarker   00000000000013b0 f   BasePrintLib:PrintLibInternal.obj
 0001:0000125c       BasePrintLibSPrint         000000000000225c f   BasePrintLib:PrintLibInternal.obj
 0002:00000000       gEfiSimpleFileSystemProtocolGuid 0000000000003000     HelloWorldApp:AutoGen.obj
 0002:00000010       gEfiFileInfoGuid           0000000000003010     HelloWorldApp:main.obj
 0002:00000020       gEfiLoadedImageProtocolGuid 0000000000003020     HelloWorldApp:main.obj
 0002:00000030       ??_C@_1EK@CHCIHDPM@?$AAF?$AAa?$AAi?$AAl?$AAe?$AAd?$AA?5?$AAt?$AAo?$AA?5?$AAg?$AAe?$AAt?$AA?5?$AAl@ 0000000000003030     HelloWorldApp:main.obj
 0002:00000080       ??_C@_1EI@IGABKPAP@?$AAF?$AAa?$AAi?$AAl?$AAe?$AAd?$AA?5?$AAt?$AAo?$AA?5?$AAg?$AAe?$AAt?$AA?5?$AAf@ 0000000000003080     HelloWorldApp:main.obj
 0002:000000c8       ??_C@_1CO@CEHNEEAH@?$AAF?$AAa?$AAi?$AAl?$AAe?$AAd?$AA?5?$AAt?$AAo?$AA?5?$AAo?$AAp?$AAe?$AAn?$AA?5@ 00000000000030c8     HelloWorldApp:main.obj
 0002:000000f8       ??_C@_1BG@FGLDFKHE@?$AAk?$AAe?$AAr?$AAn?$AAe?$AAl?$AA?4?$AAb?$AAi?$AAn@ 00000000000030f8     HelloWorldApp:main.obj
 0002:00000110       ??_C@_1DI@GLBEEPKG@?$AAF?$AAa?$AAi?$AAl?$AAe?$AAd?$AA?5?$AAt?$AAo?$AA?5?$AAo?$AAp?$AAe?$AAn?$AA?5@ 0000000000003110     HelloWorldApp:main.obj
 0002:00000150       ??_C@_1FC@DEBANLP@?$AAF?$AAa?$AAi?$AAl?$AAe?$AAd?$AA?5?$AAt?$AAo?$AA?5?$AAa?$AAl?$AAl?$AAo?$AAc@ 0000000000003150     HelloWorldApp:main.obj
 0002:000001b0       ??_C@_1EA@CMPECADH@?$AAF?$AAa?$AAi?$AAl?$AAe?$AAd?$AA?5?$AAt?$AAo?$AA?5?$AAg?$AAe?$AAt?$AA?5?$AAk@ 00000000000031b0     HelloWorldApp:main.obj
 0002:000001f0       ??_C@_1EM@IKOKGAAD@?$AAF?$AAa?$AAi?$AAl?$AAe?$AAd?$AA?5?$AAt?$AAo?$AA?5?$AAa?$AAl?$AAl?$AAo?$AAc@ 00000000000031f0     HelloWorldApp:main.obj
 0002:00000240       ??_C@_1FA@GABBMJDI@?$AAF?$AAa?$AAi?$AAl?$AAe?$AAd?$AA?5?$AAt?$AAo?$AA?5?$AAr?$AAe?$AAa?$AAd?$AA?5@ 0000000000003240     HelloWorldApp:main.obj
 0002:00000290       ??_C@_1GG@MBNMENHL@?$AAK?$AAe?$AAr?$AAn?$AAe?$AAl?$AA?5?$AAl?$AAo?$AAa?$AAd?$AAe?$AAd?$AA?5?$AAs@ 0000000000003290     HelloWorldApp:main.obj
 0002:000002f8       ??_C@_0O@MLOLIMFM@?$DMnull?5string?$DO@ 00000000000032f8     BasePrintLib:PrintLibInternal.obj
 0002:00000308       ??_C@_0M@BJJDNPHK@?$DMnull?5guid?$DO@ 0000000000003308     BasePrintLib:PrintLibInternal.obj
 0002:00000318       ??_C@_0DB@PMLHLBMO@?$CF08x?9?$CF04x?9?$CF04x?9?$CF02x?$CF02x?9?$CF02x?$CF02@ 0000000000003318     BasePrintLib:PrintLibInternal.obj
 0002:00000350       ??_C@_0M@LHGBCIKM@?$DMnull?5time?$DO@ 0000000000003350     BasePrintLib:PrintLibInternal.obj
 0002:00000360       ??_C@_0BK@FCPKCIDD@?$CF02d?1?$CF02d?1?$CF04d?5?5?$CF02d?3?$CF02d@ 0000000000003360     BasePrintLib:PrintLibInternal.obj
 0002:0000037c       ??_C@_04JIMNDDED@?$CF08X@  000000000000337c     BasePrintLib:PrintLibInternal.obj
 0002:00000384       ??_C@_02PCIJFNDE@?$AN?6@   0000000000003384     BasePrintLib:PrintLibInternal.obj
 0002:00000388       ??_C@_01LIIJDEN@?$AN@      0000000000003388     BasePrintLib:PrintLibInternal.obj
 0002:00000390       mWarningString             0000000000003390     BasePrintLib:PrintLibInternal.obj
 0002:00000460       mErrorString               0000000000003460     BasePrintLib:PrintLibInternal.obj
 0002:00000740       mHexStr                    0000000000003740     BasePrintLib:PrintLibInternal.obj
 0002:00000770       gST                        0000000000003770     UefiBootServicesTableLib:UefiBootServicesTableLib.obj
 0002:00000778       gImageHandle               0000000000003778     UefiBootServicesTableLib:UefiBootServicesTableLib.obj
 0002:00000780       gBS                        0000000000003780     UefiBootServicesTableLib:UefiBootServicesTableLib.obj
 0002:00000788       gRT                        0000000000003788     UefiRuntimeServicesTableLib:UefiRuntimeServicesTableLib.obj
 0002:00000790       __security_cookie          0000000000003790     StackCheckLibNull:StackCheckLibNullMsvc.obj
 0002:00000798       __volatile_metadata        0000000000003798     <linker-defined>

 entry point at        0001:00000004

 Static symbols

 0004:00000000       $unwind$efi_main           0000000000005000     HelloWorldApp:main.obj
 0004:00000010       $unwind$InternalAllocatePool 0000000000005010     UefiMemoryAllocationLib:MemoryAllocationLib.obj
 0004:00000018       $unwind$InternalPrint      0000000000005018     UefiLib:UefiLibPrint.obj
 0004:0000002c       $unwind$Print              000000000000502c     UefiLib:UefiLibPrint.obj
 0004:00000034       $unwind$BasePrintLibSPrintMarker 0000000000005034     BasePrintLib:PrintLibInternal.obj
 0004:00000058       $unwind$BasePrintLibSPrint 0000000000005058     BasePrintLib:PrintLibInternal.obj
