 bootloader.dll

 Timestamp is 68f70adb (Tue Oct 21 13:23:55 2025)

 Preferred load address is 0000000000000000

 Start         Length     Name                   Class
 0001:00000000 00000b20H .text                   CODE
 0001:00000b20 00002395H .text$mn                CODE
 0002:00000000 00000006H .rodata                 CODE
 0003:00000000 000000c0H .data                   DATA
 0003:000000c0 00000e80H .rdata                  DATA
 0003:00000f40 00000040H .bss                    DATA
 0003:00000f80 00000018H .rdata$voltmd           DATA
 0003:00000f98 000000b8H .rdata$zzzdbg           DATA
 0004:00000000 000000b4H .pdata                  DATA
 0005:00000000 000000e0H .xdata                  DATA

  Address         Publics by Value              Rva+Base               Lib:Object

 0000:00000000       __AbsoluteZero             0000000000000000     <absolute>
 0000:00000000       __arm64x_extra_rfe_table   0000000000000000     <absolute>
 0000:00000000       __arm64x_extra_rfe_table_size 0000000000000000     <absolute>
 0000:00000000       __arm64x_native_entrypoint 0000000000000000     <absolute>
 0000:00000000       __arm64x_redirection_metadata 0000000000000000     <absolute>
 0000:00000000       __arm64x_redirection_metadata_count 0000000000000000     <absolute>
 0000:00000000       __dynamic_value_reloc_table 0000000000000000     <absolute>
 0000:00000000       __enclave_config           0000000000000000     <absolute>
 0000:00000000       __guard_check_icall_a64n_fptr 0000000000000000     <absolute>
 0000:00000000       __guard_eh_cont_count      0000000000000000     <absolute>
 0000:00000000       __guard_eh_cont_table      0000000000000000     <absolute>
 0000:00000000       __guard_fids_count         0000000000000000     <absolute>
 0000:00000000       __guard_fids_table         0000000000000000     <absolute>
 0000:00000000       __guard_flags              0000000000000000     <absolute>
 0000:00000000       __guard_iat_count          0000000000000000     <absolute>
 0000:00000000       __guard_iat_table          0000000000000000     <absolute>
 0000:00000000       __guard_longjmp_count      0000000000000000     <absolute>
 0000:00000000       __guard_longjmp_table      0000000000000000     <absolute>
 0000:00000000       __hybrid_auxiliary_delayload_iat 0000000000000000     <absolute>
 0000:00000000       __hybrid_auxiliary_delayload_iat_copy 0000000000000000     <absolute>
 0000:00000000       __hybrid_auxiliary_iat     0000000000000000     <absolute>
 0000:00000000       __hybrid_auxiliary_iat_copy 0000000000000000     <absolute>
 0000:00000000       __hybrid_code_map          0000000000000000     <absolute>
 0000:00000000       __hybrid_code_map_count    0000000000000000     <absolute>
 0000:00000000       __hybrid_image_info_bitfield 0000000000000000     <absolute>
 0000:00000000       __x64_code_ranges_to_entry_points 0000000000000000     <absolute>
 0000:00000000       __x64_code_ranges_to_entry_points_count 0000000000000000     <absolute>
 0000:00000000       __ImageBase                0000000000000000     <linker-defined>
 0001:00000000       AsmVmgExitSvsm             0000000000001000     BaseLib:VmgExitSvsm.obj
 0001:00000060       AsmVmgExit                 0000000000001060     BaseLib:VmgExit.obj
 0001:00000070       AsmXSetBv                  0000000000001070     BaseLib:XSetBv.obj
 0001:00000080       AsmXGetBv                  0000000000001080     BaseLib:XGetBv.obj
 0001:00000090       AsmRmpAdjust               0000000000001090     BaseLib:RmpAdjust.obj
 0001:000000a0       InternalX86RdRand16        00000000000010a0     BaseLib:RdRand.obj
 0001:000000b2       InternalX86RdRand32        00000000000010b2     BaseLib:RdRand.obj
 0001:000000c3       InternalX86RdRand64        00000000000010c3     BaseLib:RdRand.obj
 0001:000000e0       AsmPvalidate               00000000000010e0     BaseLib:Pvalidate.obj
 0001:00000100       InternalX86DisablePaging64 0000000000001100     BaseLib:DisablePaging64.obj
 0001:00000170       EnableDisableInterrupts    0000000000001170     BaseLib:EnableDisableInterrupts.obj
 0001:00000180       TdVmCall                   0000000000001180     BaseLib:TdVmcall.obj
 0001:00000200       TdCall                     0000000000001200     BaseLib:TdCall.obj
 0001:00000260       AsmReadEflags              0000000000001260     BaseLib:ReadEflags.obj
 0001:00000270       AsmReadCr0                 0000000000001270     BaseLib:ReadCr0.obj
 0001:00000280       AsmReadCr2                 0000000000001280     BaseLib:ReadCr2.obj
 0001:00000290       AsmReadCr3                 0000000000001290     BaseLib:ReadCr3.obj
 0001:000002a0       AsmReadCr4                 00000000000012a0     BaseLib:ReadCr4.obj
 0001:000002b0       AsmWriteCr0                00000000000012b0     BaseLib:WriteCr0.obj
 0001:000002c0       AsmWriteCr2                00000000000012c0     BaseLib:WriteCr2.obj
 0001:000002d0       AsmWriteCr3                00000000000012d0     BaseLib:WriteCr3.obj
 0001:000002e0       AsmWriteCr4                00000000000012e0     BaseLib:WriteCr4.obj
 0001:000002f0       AsmReadDr0                 00000000000012f0     BaseLib:ReadDr0.obj
 0001:00000300       AsmReadDr1                 0000000000001300     BaseLib:ReadDr1.obj
 0001:00000310       AsmReadDr2                 0000000000001310     BaseLib:ReadDr2.obj
 0001:00000320       AsmReadDr3                 0000000000001320     BaseLib:ReadDr3.obj
 0001:00000330       AsmReadDr4                 0000000000001330     BaseLib:ReadDr4.obj
 0001:00000340       AsmReadDr5                 0000000000001340     BaseLib:ReadDr5.obj
 0001:00000350       AsmReadDr6                 0000000000001350     BaseLib:ReadDr6.obj
 0001:00000360       AsmReadDr7                 0000000000001360     BaseLib:ReadDr7.obj
 0001:00000370       AsmWriteDr0                0000000000001370     BaseLib:WriteDr0.obj
 0001:00000380       AsmWriteDr1                0000000000001380     BaseLib:WriteDr1.obj
 0001:00000390       AsmWriteDr2                0000000000001390     BaseLib:WriteDr2.obj
 0001:000003a0       AsmWriteDr3                00000000000013a0     BaseLib:WriteDr3.obj
 0001:000003b0       AsmWriteDr4                00000000000013b0     BaseLib:WriteDr4.obj
 0001:000003c0       AsmWriteDr5                00000000000013c0     BaseLib:WriteDr5.obj
 0001:000003d0       AsmWriteDr6                00000000000013d0     BaseLib:WriteDr6.obj
 0001:000003e0       AsmWriteDr7                00000000000013e0     BaseLib:WriteDr7.obj
 0001:000003f0       AsmReadCs                  00000000000013f0     BaseLib:ReadCs.obj
 0001:00000400       AsmReadDs                  0000000000001400     BaseLib:ReadDs.obj
 0001:00000410       AsmReadEs                  0000000000001410     BaseLib:ReadEs.obj
 0001:00000420       AsmReadFs                  0000000000001420     BaseLib:ReadFs.obj
 0001:00000430       AsmReadGs                  0000000000001430     BaseLib:ReadGs.obj
 0001:00000440       AsmReadSs                  0000000000001440     BaseLib:ReadSs.obj
 0001:00000450       AsmReadTr                  0000000000001450     BaseLib:ReadTr.obj
 0001:00000460       InternalX86ReadGdtr        0000000000001460     BaseLib:ReadGdtr.obj
 0001:00000470       InternalX86WriteGdtr       0000000000001470     BaseLib:WriteGdtr.obj
 0001:00000480       InternalX86ReadIdtr        0000000000001480     BaseLib:ReadIdtr.obj
 0001:00000490       InternalX86WriteIdtr       0000000000001490     BaseLib:WriteIdtr.obj
 0001:000004a0       AsmReadLdtr                00000000000014a0     BaseLib:ReadLdtr.obj
 0001:000004b0       AsmWriteLdtr               00000000000014b0     BaseLib:WriteLdtr.obj
 0001:000004c0       InternalX86FxSave          00000000000014c0     BaseLib:FxSave.obj
 0001:000004d0       InternalX86FxRestore       00000000000014d0     BaseLib:FxRestore.obj
 0001:000004e0       AsmReadMm0                 00000000000014e0     BaseLib:ReadMm0.obj
 0001:000004f0       AsmReadMm1                 00000000000014f0     BaseLib:ReadMm1.obj
 0001:00000500       AsmReadMm2                 0000000000001500     BaseLib:ReadMm2.obj
 0001:00000510       AsmReadMm3                 0000000000001510     BaseLib:ReadMm3.obj
 0001:00000520       AsmReadMm4                 0000000000001520     BaseLib:ReadMm4.obj
 0001:00000530       AsmReadMm5                 0000000000001530     BaseLib:ReadMm5.obj
 0001:00000540       AsmReadMm6                 0000000000001540     BaseLib:ReadMm6.obj
 0001:00000550       AsmReadMm7                 0000000000001550     BaseLib:ReadMm7.obj
 0001:00000560       AsmWriteMm0                0000000000001560     BaseLib:WriteMm0.obj
 0001:00000570       AsmWriteMm1                0000000000001570     BaseLib:WriteMm1.obj
 0001:00000580       AsmWriteMm2                0000000000001580     BaseLib:WriteMm2.obj
 0001:00000590       AsmWriteMm3                0000000000001590     BaseLib:WriteMm3.obj
 0001:000005a0       AsmWriteMm4                00000000000015a0     BaseLib:WriteMm4.obj
 0001:000005b0       AsmWriteMm5                00000000000015b0     BaseLib:WriteMm5.obj
 0001:000005c0       AsmWriteMm6                00000000000015c0     BaseLib:WriteMm6.obj
 0001:000005d0       AsmWriteMm7                00000000000015d0     BaseLib:WriteMm7.obj
 0001:000005e0       AsmReadTsc                 00000000000015e0     BaseLib:ReadTsc.obj
 0001:000005f0       AsmReadPmc                 00000000000015f0     BaseLib:ReadPmc.obj
 0001:00000600       AsmMonitor                 0000000000001600     BaseLib:Monitor.obj
 0001:00000610       AsmMwait                   0000000000001610     BaseLib:Mwait.obj
 0001:00000620       AsmWbinvd                  0000000000001620     BaseLib:Wbinvd.obj
 0001:00000630       AsmInvd                    0000000000001630     BaseLib:Invd.obj
 0001:00000640       AsmFlushCacheLine          0000000000001640     BaseLib:FlushCacheLine.obj
 0001:00000650       EnableInterrupts           0000000000001650     BaseLib:EnableInterrupts.obj
 0001:00000660       DisableInterrupts          0000000000001660     BaseLib:DisableInterrupts.obj
 0001:00000670       CpuPause                   0000000000001670     BaseLib:CpuPause.obj
 0001:00000680       AsmLfence                  0000000000001680     BaseLib:Lfence.obj
 0001:00000690       AsmWriteTr                 0000000000001690     BaseLib:WriteTr.obj
 0001:000006a0       AsmDisableCache            00000000000016a0     BaseLib:DisableCache.obj
 0001:000006c0       AsmEnableCache             00000000000016c0     BaseLib:EnableCache.obj
 0001:000006e0       InternalSwitchStack        00000000000016e0     BaseLib:SwitchStack.obj
 0001:000006f0       SetJump                    00000000000016f0     BaseLib:SetJump.obj
 0001:000007c0       InternalLongJump           00000000000017c0     BaseLib:LongJump.obj
 0001:00000870       AsmCpuid                   0000000000001870     BaseLib:CpuId.obj
 0001:000008a0       AsmCpuidEx                 00000000000018a0     BaseLib:CpuIdEx.obj
 0001:000008d0       m16Start                   00000000000018d0     BaseLib:Thunk16.obj
 0001:00000a00       InternalAsmThunk16         0000000000001a00     BaseLib:Thunk16.obj
 0001:00000ae0       __report_rangecheckfailure 0000000000001ae0     StackCheckLibNull:StackCheckFunctionsMsvc.obj
 0001:00000ae1       __GSHandlerCheck           0000000000001ae1     StackCheckLibNull:StackCheckFunctionsMsvc.obj
 0001:00000ae2       __security_check_cookie    0000000000001ae2     StackCheckLibNull:StackCheckFunctionsMsvc.obj
 0001:00000af0       InitializeFloatingPointUnits 0000000000001af0     BaseCpuLib:InitializeFpu.obj
 0001:00000b10       CpuSleep                   0000000000001b10     BaseCpuLib:CpuSleep.obj
 0001:00000ee8       MapRangeVaToPa             0000000000001ee8 f   bootloader:bootloader.obj
 0001:00001074       BuildIdentityPageTablesFromUefi 0000000000002074 f   bootloader:bootloader.obj
 0001:00001518       PrintStatusAndWait         0000000000002518 f   bootloader:bootloader.obj
 0001:00001680       FillBootDeviceInfo         0000000000002680 f   bootloader:bootloader.obj
 0001:0000173c       efi_main                   000000000000273c f   bootloader:bootloader.obj
 0001:00001d80       InternalMemSetMem          0000000000002d80 f   BaseMemoryLib:SetMem.obj
 0001:00001e24       StrnLenS                   0000000000002e24 f   BaseLib:SafeString.obj
 0001:00001e50       InternalAssertJumpBuffer   0000000000002e50 f   BaseLib:SetJump.obj
 0001:00001e54       BasePrintLibFillBuffer     0000000000002e54 f   BasePrintLib:PrintLibInternal.obj
 0001:00001e88       BasePrintLibSPrintMarker   0000000000002e88 f   BasePrintLib:PrintLibInternal.obj
 0001:00002d30       BasePrintLibSPrint         0000000000003d30 f   BasePrintLib:PrintLibInternal.obj
 0001:00002d58       InternalAllocatePool       0000000000003d58 f   UefiMemoryAllocationLib:MemoryAllocationLib.obj
 0001:00002d94       InternalPrint              0000000000003d94 f   UefiLib:UefiLibPrint.obj
 0001:00002e3c       Print                      0000000000003e3c f   UefiLib:UefiLibPrint.obj
 0001:00002e6c       _ModuleEntryPoint          0000000000003e6c f   UefiApplicationEntryPoint:ApplicationEntryPoint.obj
 0001:00002ea0       load_gdt                   0000000000003ea0 f   bootloader:gdt_set.obj
 0001:00002eb0       jump_to_address            0000000000003eb0 f   bootloader:jump.obj
 0003:00000040       m16Size                    0000000000005040     BaseLib:Thunk16.obj
 0003:00000042       mThunk16Attr               0000000000005042     BaseLib:Thunk16.obj
 0003:00000044       m16Gdt                     0000000000005044     BaseLib:Thunk16.obj
 0003:00000046       m16GdtrBase                0000000000005046     BaseLib:Thunk16.obj
 0003:00000048       mTransition                0000000000005048     BaseLib:Thunk16.obj
 0003:00000050       gEfiFileInfoGuid           0000000000005050     bootloader:AutoGen.obj
 0003:00000060       gEfiDevicePathProtocolGuid 0000000000005060     bootloader:AutoGen.obj
 0003:00000070       gEfiLoadedImageProtocolGuid 0000000000005070     bootloader:AutoGen.obj
 0003:00000080       gEfiGraphicsOutputProtocolGuid 0000000000005080     bootloader:AutoGen.obj
 0003:00000090       gEfiSimpleFileSystemProtocolGuid 0000000000005090     bootloader:AutoGen.obj
 0003:000000c0       _gPcd_FixedAtBuild_PcdControlFlowEnforcementPropertyMask 00000000000050c0     bootloader:AutoGen.obj
 0003:000000d0       ??_C@_1LE@IFBIPOCJ@?$AA?$FL?$AA?$CL?$AA?$FN?$AA?5?$AAT?$AAo?$AAp?$AA?5?$AAo?$AAf?$AA?5?$AAu?$AAs?$AAe?$AAd@ 00000000000050d0     bootloader:bootloader.obj
 0003:00000188       ??_C@_1CM@NKMMLKJK@?$AAA?$AAC?$AAP?$AAI?$AA?5?$AAT?$AAa?$AAb?$AAl?$AAe?$AA?5?$AAN?$AAo?$AAt?$AA?5@ 0000000000005188     bootloader:bootloader.obj
 0003:000001b8       ??_C@_1DC@GONHBPEI@?$AA?$FL?$AA?$CL?$AA?$FN?$AA?5?$AAS?$AAt?$AAa?$AAt?$AAu?$AAs?$AA?3?$AA?5?$AAE?$AAF?$AAI@ 00000000000051b8     bootloader:bootloader.obj
 0003:000001f0       ??_C@_1DI@BHBCFHFD@?$AA?$FL?$AA?9?$AA?$FN?$AA?5?$AAS?$AAt?$AAa?$AAt?$AAu?$AAs?$AA?3?$AA?5?$AAE?$AAF?$AAI@ 00000000000051f0     bootloader:bootloader.obj
 0003:00000230       ??_C@_1EG@FJFKOJMI@?$AA?$FL?$AA?9?$AA?$FN?$AA?5?$AAS?$AAt?$AAa?$AAt?$AAu?$AAs?$AA?3?$AA?5?$AAE?$AAF?$AAI@ 0000000000005230     bootloader:bootloader.obj
 0003:00000278       ??_C@_1DK@LHEKLJIG@?$AA?$FL?$AA?9?$AA?$FN?$AA?5?$AAS?$AAt?$AAa?$AAt?$AAu?$AAs?$AA?3?$AA?5?$AAE?$AAF?$AAI@ 0000000000005278     bootloader:bootloader.obj
 0003:000002c0       ??_C@_1EC@PFECGOCK@?$AA?$FL?$AA?9?$AA?$FN?$AA?5?$AAS?$AAt?$AAa?$AAt?$AAu?$AAs?$AA?3?$AA?5?$AAE?$AAF?$AAI@ 00000000000052c0     bootloader:bootloader.obj
 0003:00000310       ??_C@_1EE@LGGJKJND@?$AA?$FL?$AA?9?$AA?$FN?$AA?5?$AAS?$AAt?$AAa?$AAt?$AAu?$AAs?$AA?3?$AA?5?$AAE?$AAF?$AAI@ 0000000000005310     bootloader:bootloader.obj
 0003:00000358       ??_C@_1DG@FLDOEICG@?$AA?$FL?$AA?9?$AA?$FN?$AA?5?$AAS?$AAt?$AAa?$AAt?$AAu?$AAs?$AA?3?$AA?5?$AAE?$AAF?$AAI@ 0000000000005358     bootloader:bootloader.obj
 0003:00000390       ??_C@_1DM@FOONFBOE@?$AA?$FL?$AA?9?$AA?$FN?$AA?5?$AAS?$AAt?$AAa?$AAt?$AAu?$AAs?$AA?3?$AA?5?$AAE?$AAF?$AAI@ 0000000000005390     bootloader:bootloader.obj
 0003:000003d0       ??_C@_1EC@KLBLBMOH@?$AA?$FL?$AA?9?$AA?$FN?$AA?5?$AAS?$AAt?$AAa?$AAt?$AAu?$AAs?$AA?3?$AA?5?$AAE?$AAF?$AAI@ 00000000000053d0     bootloader:bootloader.obj
 0003:00000420       ??_C@_1EE@CKGAEKCN@?$AA?$FL?$AA?9?$AA?$FN?$AA?5?$AAS?$AAt?$AAa?$AAt?$AAu?$AAs?$AA?3?$AA?5?$AAE?$AAF?$AAI@ 0000000000005420     bootloader:bootloader.obj
 0003:00000468       ??_C@_1DG@MONKDPCP@?$AA?$FL?$AA?9?$AA?$FN?$AA?5?$AAS?$AAt?$AAa?$AAt?$AAu?$AAs?$AA?3?$AA?5?$AAE?$AAF?$AAI@ 0000000000005468     bootloader:bootloader.obj
 0003:000004a0       ??_C@_1DC@KLLGMLCE@?$AA?$FL?$AA?9?$AA?$FN?$AA?5?$AAS?$AAt?$AAa?$AAt?$AAu?$AAs?$AA?3?$AA?5?$AAE?$AAF?$AAI@ 00000000000054a0     bootloader:bootloader.obj
 0003:000004d8       ??_C@_1DK@NGLKAGFD@?$AA?$FL?$AA?9?$AA?$FN?$AA?5?$AAS?$AAt?$AAa?$AAt?$AAu?$AAs?$AA?3?$AA?5?$AAU?$AAn?$AAk@ 00000000000054d8     bootloader:bootloader.obj
 0003:00000518       ??_C@_1DO@FCOGAHHI@?$AA?$FL?$AA?$CB?$AA?$FN?$AA?5?$AAW?$AAa?$AAi?$AAt?$AAi?$AAn?$AAg?$AA?5?$AAf?$AAo?$AAr@ 0000000000005518     bootloader:bootloader.obj
 0003:00000558       ??_C@_1DA@BHKBBFJH@?$AA?$FL?$AA?$CL?$AA?$FN?$AA?5?$AAB?$AAo?$AAo?$AAt?$AAl?$AAo?$AAa?$AAd?$AAe?$AAr?$AA?5@ 0000000000005558     bootloader:bootloader.obj
 0003:00000588       ??_C@_1DK@KAGHKBFN@?$AA?$FL?$AA?$CL?$AA?$FN?$AA?5?$AAB?$AAu?$AAi?$AAl?$AAd?$AAi?$AAn?$AAg?$AA?5?$AAp?$AAa@ 0000000000005588     bootloader:bootloader.obj
 0003:000005d0       ??_C@_1EC@IFMFAGHK@?$AA?$FL?$AA?9?$AA?$FN?$AA?5?$AAF?$AAa?$AAi?$AAl?$AAe?$AAd?$AA?5?$AAt?$AAo?$AA?5?$AAb@ 00000000000055d0     bootloader:bootloader.obj
 0003:00000620       ??_C@_1EA@GDLGPBED@?$AA?$FL?$AA?$CL?$AA?$FN?$AA?5?$AAP?$AAa?$AAg?$AAe?$AA?5?$AAt?$AAa?$AAb?$AAl?$AAe?$AAs@ 0000000000005620     bootloader:bootloader.obj
 0003:00000660       ??_C@_1DK@JLCPMMDM@?$AA?$FL?$AA?$CL?$AA?$FN?$AA?5?$AAL?$AAo?$AAa?$AAd?$AAi?$AAn?$AAg?$AA?5?$AAk?$AAe?$AAr@ 0000000000005660     bootloader:bootloader.obj
 0003:000006a0       ??_C@_1CA@NDFKACHP@?$AAE?$AAF?$AAI?$AA?2?$AAB?$AAo?$AAo?$AAt?$AA?2?$AAo?$AAs?$AA?4?$AAb?$AAi?$AAn@ 00000000000056a0     bootloader:bootloader.obj
 0003:000006c0       ??_C@_1DG@BJLPLOLA@?$AA?$FL?$AA?9?$AA?$FN?$AA?5?$AAF?$AAa?$AAi?$AAl?$AAe?$AAd?$AA?5?$AAt?$AAo?$AA?5?$AAo@ 00000000000056c0     bootloader:bootloader.obj
 0003:00000700       ??_C@_1EA@MABCIJCD@?$AA?$FL?$AA?9?$AA?$FN?$AA?5?$AAF?$AAa?$AAi?$AAl?$AAe?$AAd?$AA?5?$AAt?$AAo?$AA?5?$AAm@ 0000000000005700     bootloader:bootloader.obj
 0003:00000740       ??_C@_1EM@BEKMODBD@?$AA?$FL?$AA?9?$AA?$FN?$AA?5?$AAF?$AAa?$AAi?$AAl?$AAe?$AAd?$AA?5?$AAt?$AAo?$AA?5?$AAm@ 0000000000005740     bootloader:bootloader.obj
 0003:00000790       ??_C@_1FO@OHNIBKIK@?$AA?$FL?$AA?9?$AA?$FN?$AA?5?$AAF?$AAa?$AAi?$AAl?$AAe?$AAd?$AA?5?$AAt?$AAo?$AA?5?$AAl@ 0000000000005790     bootloader:bootloader.obj
 0003:000007f0       ??_C@_1GG@JOOLGFOL@?$AA?$FL?$AA?9?$AA?$FN?$AA?5?$AAF?$AAa?$AAi?$AAl?$AAe?$AAd?$AA?5?$AAt?$AAo?$AA?5?$AAq@ 00000000000057f0     bootloader:bootloader.obj
 0003:00000860       ??_C@_1EI@KKEFPFHG@?$AA?$FL?$AA?9?$AA?$FN?$AA?5?$AAF?$AAa?$AAi?$AAl?$AAe?$AAd?$AA?5?$AAt?$AAo?$AA?5?$AAg@ 0000000000005860     bootloader:bootloader.obj
 0003:000008b0       ??_C@_1GK@NEFKDDAL@?$AA?$FL?$AA?$CL?$AA?$FN?$AA?5?$AAB?$AAo?$AAo?$AAt?$AA?5?$AAd?$AAe?$AAv?$AAi?$AAc?$AAe@ 00000000000058b0     bootloader:bootloader.obj
 0003:00000920       ??_C@_1EM@EPMDJJAF@?$AA?$FL?$AA?9?$AA?$FN?$AA?5?$AAF?$AAa?$AAi?$AAl?$AAe?$AAd?$AA?5?$AAt?$AAo?$AA?5?$AAm@ 0000000000005920     bootloader:bootloader.obj
 0003:00000970       ??_C@_1DM@IJGJKAEI@?$AA?$FL?$AA?9?$AA?$FN?$AA?5?$AAF?$AAa?$AAi?$AAl?$AAe?$AAd?$AA?5?$AAt?$AAo?$AA?5?$AAa@ 0000000000005970     bootloader:bootloader.obj
 0003:000009b0       ??_C@_1DC@LHMKENND@?$AA?$FL?$AA?9?$AA?$FN?$AA?5?$AAF?$AAa?$AAi?$AAl?$AAe?$AAd?$AA?5?$AAt?$AAo?$AA?5?$AAm@ 00000000000059b0     bootloader:bootloader.obj
 0003:000009f0       ??_C@_1EA@LLJMBLMA@?$AA?$FL?$AA?$CL?$AA?$FN?$AA?5?$AAF?$AAr?$AAa?$AAm?$AAe?$AAb?$AAu?$AAf?$AAf?$AAe?$AAr@ 00000000000059f0     bootloader:bootloader.obj
 0003:00000a30       ??_C@_1CM@PEOKHNDO@?$AA?$FL?$AA?$CL?$AA?$FN?$AA?5?$AAp?$AAm?$AAl?$AA4?$AA_?$AAp?$AAh?$AAy?$AAs?$AA?3?$AA?5@ 0000000000005a30     bootloader:bootloader.obj
 0003:00000a60       ??_C@_1CC@FPILDKPL@?$AAP?$AAM?$AAL?$AA4?$AA?$FL?$AA5?$AA1?$AA0?$AA?$FN?$AA?5?$AA?$DN?$AA?5?$AA?$CF?$AAl?$AAx@ 0000000000005a60     bootloader:bootloader.obj
 0003:00000a88       ??_C@_1BO@GJKEODAA@?$AAP?$AAD?$AAP?$AAT?$AA?$FL?$AA0?$AA?$FN?$AA?5?$AA?$DN?$AA?5?$AA?$CF?$AAl?$AAx?$AA?6@ 0000000000005a88     bootloader:bootloader.obj
 0003:00000aa8       ??_C@_1BM@GJEPHJDC@?$AA?5?$AAP?$AAD?$AA?$FL?$AA2?$AA?$FN?$AA?5?$AA?$DN?$AA?5?$AA?$CF?$AAl?$AAx?$AA?6@ 0000000000005aa8     bootloader:bootloader.obj
 0003:00000ac8       ??_C@_0O@MLOLIMFM@?$DMnull?5string?$DO@ 0000000000005ac8     BasePrintLib:PrintLibInternal.obj
 0003:00000ad8       ??_C@_0M@BJJDNPHK@?$DMnull?5guid?$DO@ 0000000000005ad8     BasePrintLib:PrintLibInternal.obj
 0003:00000ae8       ??_C@_0DB@PMLHLBMO@?$CF08x?9?$CF04x?9?$CF04x?9?$CF02x?$CF02x?9?$CF02x?$CF02@ 0000000000005ae8     BasePrintLib:PrintLibInternal.obj
 0003:00000b20       ??_C@_0M@LHGBCIKM@?$DMnull?5time?$DO@ 0000000000005b20     BasePrintLib:PrintLibInternal.obj
 0003:00000b30       ??_C@_0BK@FCPKCIDD@?$CF02d?1?$CF02d?1?$CF04d?5?5?$CF02d?3?$CF02d@ 0000000000005b30     BasePrintLib:PrintLibInternal.obj
 0003:00000b4c       ??_C@_04JIMNDDED@?$CF08X@  0000000000005b4c     BasePrintLib:PrintLibInternal.obj
 0003:00000b54       ??_C@_02PCIJFNDE@?$AN?6@   0000000000005b54     BasePrintLib:PrintLibInternal.obj
 0003:00000b58       ??_C@_01LIIJDEN@?$AN@      0000000000005b58     BasePrintLib:PrintLibInternal.obj
 0003:00000b60       mWarningString             0000000000005b60     BasePrintLib:PrintLibInternal.obj
 0003:00000c30       mErrorString               0000000000005c30     BasePrintLib:PrintLibInternal.obj
 0003:00000f10       mHexStr                    0000000000005f10     BasePrintLib:PrintLibInternal.obj
 0003:00000f40       __security_cookie          0000000000005f40     StackCheckLibNull:StackCheckLibNullMsvc.obj
 0003:00000f48       gST                        0000000000005f48     UefiBootServicesTableLib:UefiBootServicesTableLib.obj
 0003:00000f50       gImageHandle               0000000000005f50     UefiBootServicesTableLib:UefiBootServicesTableLib.obj
 0003:00000f58       gBS                        0000000000005f58     UefiBootServicesTableLib:UefiBootServicesTableLib.obj
 0003:00000f60       gRT                        0000000000005f60     UefiRuntimeServicesTableLib:UefiRuntimeServicesTableLib.obj
 0003:00000f70       phys_bitmap                0000000000005f70     <common>
 0003:00000f80       __volatile_metadata        0000000000005f80     <linker-defined>

 entry point at        0001:00002e6c

 Static symbols

 0001:000000a9       rn16_ok                    00000000000010a9     BaseLib:RdRand.obj
 0001:000000bb       rn32_ok                    00000000000010bb     BaseLib:RdRand.obj
 0001:000000cd       rn64_ok                    00000000000010cd     BaseLib:RdRand.obj
 0001:000000fa       PvalidateExit              00000000000010fa     BaseLib:Pvalidate.obj
 0001:0000013a       InternalX86DisablePaging64.0 000000000000113a     BaseLib:DisablePaging64.obj
 0001:00000161       mTransitionEnd             0000000000001161     BaseLib:DisablePaging64.obj
 0001:000001d9       TdVmCall.no_return_data    00000000000011d9     BaseLib:TdVmcall.obj
 0001:0000024b       TdCall.exit                000000000000124b     BaseLib:TdCall.obj
 0001:00000733       CetDone                    0000000000001733     BaseLib:SetJump.obj
 0001:000007f0       CetDone                    00000000000017f0     BaseLib:LongJump.obj
 0001:0000087f       AsmCpuid.0                 000000000000187f     BaseLib:CpuId.obj
 0001:00000884       AsmCpuid.1                 0000000000001884     BaseLib:CpuId.obj
 0001:0000088b       AsmCpuid.2                 000000000000188b     BaseLib:CpuId.obj
 0001:00000894       AsmCpuid.3                 0000000000001894     BaseLib:CpuId.obj
 0001:000008b5       AsmCpuidEx.0               00000000000018b5     BaseLib:CpuIdEx.obj
 0001:000008bc       AsmCpuidEx.1               00000000000018bc     BaseLib:CpuIdEx.obj
 0001:000008c3       AsmCpuidEx.2               00000000000018c3     BaseLib:CpuIdEx.obj
 0001:000008cc       AsmCpuidEx.3               00000000000018cc     BaseLib:CpuIdEx.obj
 0001:000008d0       SavedGdt                   00000000000018d0     BaseLib:Thunk16.obj
 0001:000008da       _BackFromUserCode          00000000000018da     BaseLib:Thunk16.obj
 0001:000008e2       _BackFromUserCode.Base     00000000000018e2     BaseLib:Thunk16.obj
 0001:000008f6       _BackFromUserCode.ThunkAttrEnd 00000000000018f6     BaseLib:Thunk16.obj
 0001:00000903       _BackFromUserCode.1        0000000000001903     BaseLib:Thunk16.obj
 0001:0000090e       _BackFromUserCode.2        000000000000190e     BaseLib:Thunk16.obj
 0001:00000944       _BackFromUserCode.SavedCr4End 0000000000001944     BaseLib:Thunk16.obj
 0001:00000960       _BackFromUserCode.SavedCr0End 0000000000001960     BaseLib:Thunk16.obj
 0001:0000096b       _BackFromUserCode.X64JmpEnd 000000000000196b     BaseLib:Thunk16.obj
 0001:00000976       _BackFromUserCode.SavedSpEnd 0000000000001976     BaseLib:Thunk16.obj
 0001:00000978       _EntryPoint                0000000000001978     BaseLib:Thunk16.obj
 0001:0000097e       _16Gdtr                    000000000000197e     BaseLib:Thunk16.obj
 0001:00000980       _16GdtrBase                0000000000001980     BaseLib:Thunk16.obj
 0001:00000988       _16Idtr                    0000000000001988     BaseLib:Thunk16.obj
 0001:0000098e       _ToUserCode                000000000000198e     BaseLib:Thunk16.obj
 0001:000009b6       _ToUserCode.Base           00000000000019b6     BaseLib:Thunk16.obj
 0001:000009c5       _ToUserCode.RealMode       00000000000019c5     BaseLib:Thunk16.obj
 0001:000009e0       _NullSeg                   00000000000019e0     BaseLib:Thunk16.obj
 0001:000009e8       _16Code                    00000000000019e8     BaseLib:Thunk16.obj
 0001:000009f0       _16Data                    00000000000019f0     BaseLib:Thunk16.obj
 0001:000009f8       _32Data                    00000000000019f8     BaseLib:Thunk16.obj
 0001:00000ab4       InternalAsmThunk16.RetFromRealMode 0000000000001ab4     BaseLib:Thunk16.obj
 0001:00000b20       pb_mark_used_range         0000000000001b20 f   bootloader:bootloader.obj
 0001:00000b6c       AllocPhysPage              0000000000001b6c f   bootloader:bootloader.obj
 0001:00000bd0       EnsurePd                   0000000000001bd0 f   bootloader:bootloader.obj
 0001:00000c98       Map2M                      0000000000001c98 f   bootloader:bootloader.obj
 0001:00000d20       Map4K                      0000000000001d20 f   bootloader:bootloader.obj
 0001:00000e1c       MapIdentityRange           0000000000001e1c f   bootloader:bootloader.obj
 0001:00002ea0       $$000000                   0000000000003ea0     bootloader:gdt_set.obj
 0001:00002eb0       $$000000                   0000000000003eb0     bootloader:jump.obj
 0002:00000000       mFpuControlWord            0000000000004000     BaseCpuLib:InitializeFpu.obj
 0002:00000002       mMmxControlWord            0000000000004002     BaseCpuLib:InitializeFpu.obj
 0003:000000a0       ACPI_10_TABLE_GUID         00000000000050a0     bootloader:bootloader.obj
 0003:000000b0       ACPI_20_TABLE_GUID         00000000000050b0     bootloader:bootloader.obj
 0005:00000000       $unwind$AllocPhysPage      0000000000008000     bootloader:bootloader.obj
 0005:00000000       $unwind$FillBootDeviceInfo 0000000000008000     bootloader:bootloader.obj
 0005:00000008       $unwind$EnsurePd           0000000000008008     bootloader:bootloader.obj
 0005:00000020       $unwind$Map2M              0000000000008020     bootloader:bootloader.obj
 0005:00000030       $unwind$Map4K              0000000000008030     bootloader:bootloader.obj
 0005:00000030       $unwind$MapRangeVaToPa     0000000000008030     bootloader:bootloader.obj
 0005:00000048       $unwind$MapIdentityRange   0000000000008048     bootloader:bootloader.obj
 0005:00000060       $unwind$BuildIdentityPageTablesFromUefi 0000000000008060     bootloader:bootloader.obj
 0005:00000078       $unwind$PrintStatusAndWait 0000000000008078     bootloader:bootloader.obj
 0005:00000078       $unwind$InternalAllocatePool 0000000000008078     UefiMemoryAllocationLib:MemoryAllocationLib.obj
 0005:00000080       $unwind$efi_main           0000000000008080     bootloader:bootloader.obj
 0005:00000098       $unwind$BasePrintLibSPrintMarker 0000000000008098     BasePrintLib:PrintLibInternal.obj
 0005:000000bc       $unwind$BasePrintLibSPrint 00000000000080bc     BasePrintLib:PrintLibInternal.obj
 0005:000000c4       $unwind$InternalPrint      00000000000080c4     UefiLib:UefiLibPrint.obj
 0005:000000d8       $unwind$Print              00000000000080d8     UefiLib:UefiLibPrint.obj
