 bootloader

 Timestamp is 68f70adc (Tue Oct 21 13:23:56 2025)

 Preferred load address is 0000000000000000

 Start         Length     Name                   Class
 0001:00000000 00000010H .text                   CODE
 0001:00000010 00002398H .text$mn                CODE
 0002:00000000 000000b0H .data                   DATA
 0002:000000b0 00000e70H .rdata                  DATA
 0002:00000f20 00000040H .bss                    DATA
 0002:00000f60 00000018H .rdata$voltmd           DATA
 0002:00000f78 000000a8H .rdata$zzzdbg           DATA
 0003:00000000 000000b4H .pdata                  DATA
 0004:00000000 000000e0H .xdata                  DATA

  Address         Publics by Value              Rva+Base               Lib:Object

 0000:00000000       __AbsoluteZero             0000000000000000     <absolute>
 0000:00000000       __arm64x_extra_rfe_table   0000000000000000     <absolute>
 0000:00000000       __arm64x_extra_rfe_table_size 0000000000000000     <absolute>
 0000:00000000       __arm64x_native_entrypoint 0000000000000000     <absolute>
 0000:00000000       __arm64x_redirection_metadata 0000000000000000     <absolute>
 0000:00000000       __arm64x_redirection_metadata_count 0000000000000000     <absolute>
 0000:00000000       __dynamic_value_reloc_table 0000000000000000     <absolute>
 0000:00000000       __enclave_config           0000000000000000     <absolute>
 0000:00000000       __guard_check_icall_a64n_fptr 0000000000000000     <absolute>
 0000:00000000       __guard_eh_cont_count      0000000000000000     <absolute>
 0000:00000000       __guard_eh_cont_table      0000000000000000     <absolute>
 0000:00000000       __guard_fids_count         0000000000000000     <absolute>
 0000:00000000       __guard_fids_table         0000000000000000     <absolute>
 0000:00000000       __guard_flags              0000000000000000     <absolute>
 0000:00000000       __guard_iat_count          0000000000000000     <absolute>
 0000:00000000       __guard_iat_table          0000000000000000     <absolute>
 0000:00000000       __guard_longjmp_count      0000000000000000     <absolute>
 0000:00000000       __guard_longjmp_table      0000000000000000     <absolute>
 0000:00000000       __hybrid_auxiliary_delayload_iat 0000000000000000     <absolute>
 0000:00000000       __hybrid_auxiliary_delayload_iat_copy 0000000000000000     <absolute>
 0000:00000000       __hybrid_auxiliary_iat     0000000000000000     <absolute>
 0000:00000000       __hybrid_auxiliary_iat_copy 0000000000000000     <absolute>
 0000:00000000       __hybrid_code_map          0000000000000000     <absolute>
 0000:00000000       __hybrid_code_map_count    0000000000000000     <absolute>
 0000:00000000       __hybrid_image_info_bitfield 0000000000000000     <absolute>
 0000:00000000       __x64_code_ranges_to_entry_points 0000000000000000     <absolute>
 0000:00000000       __x64_code_ranges_to_entry_points_count 0000000000000000     <absolute>
 0000:00000000       __ImageBase                0000000000000000     <linker-defined>
 0001:00000000       __report_rangecheckfailure 0000000000001000     StackCheckLibNull:StackCheckFunctionsMsvc.obj
 0001:00000001       __GSHandlerCheck           0000000000001001     StackCheckLibNull:StackCheckFunctionsMsvc.obj
 0001:00000002       __security_check_cookie    0000000000001002     StackCheckLibNull:StackCheckFunctionsMsvc.obj
 0001:00000010       _ModuleEntryPoint          0000000000001010 f   UefiApplicationEntryPoint:ApplicationEntryPoint.obj
 0001:00000404       MapRangeVaToPa             0000000000001404 f   bootloader:bootloader.obj
 0001:00000590       BuildIdentityPageTablesFromUefi 0000000000001590 f   bootloader:bootloader.obj
 0001:00000a34       PrintStatusAndWait         0000000000001a34 f   bootloader:bootloader.obj
 0001:00000b9c       FillBootDeviceInfo         0000000000001b9c f   bootloader:bootloader.obj
 0001:00000c58       efi_main                   0000000000001c58 f   bootloader:bootloader.obj
 0001:0000129c       InternalMemSetMem          000000000000229c f   BaseMemoryLib:SetMem.obj
 0001:00001340       InternalAllocatePool       0000000000002340 f   UefiMemoryAllocationLib:MemoryAllocationLib.obj
 0001:0000137c       InternalPrint              000000000000237c f   UefiLib:UefiLibPrint.obj
 0001:00001424       Print                      0000000000002424 f   UefiLib:UefiLibPrint.obj
 0001:00001454       StrnLenS                   0000000000002454 f   BaseLib:SafeString.obj
 0001:00001480       BasePrintLibFillBuffer     0000000000002480 f   BasePrintLib:PrintLibInternal.obj
 0001:000014b4       BasePrintLibSPrintMarker   00000000000024b4 f   BasePrintLib:PrintLibInternal.obj
 0001:0000235c       BasePrintLibSPrint         000000000000335c f   BasePrintLib:PrintLibInternal.obj
 0001:00002390       jump_to_address            0000000000003390 f   bootloader:jump.obj
 0001:000023a0       load_gdt                   00000000000033a0 f   bootloader:gdt_set.obj
 0002:00000038       gEfiFileInfoGuid           0000000000004038     bootloader:AutoGen.obj
 0002:00000048       gEfiDevicePathProtocolGuid 0000000000004048     bootloader:AutoGen.obj
 0002:00000058       gEfiLoadedImageProtocolGuid 0000000000004058     bootloader:AutoGen.obj
 0002:00000068       gEfiGraphicsOutputProtocolGuid 0000000000004068     bootloader:AutoGen.obj
 0002:00000078       gEfiSimpleFileSystemProtocolGuid 0000000000004078     bootloader:AutoGen.obj
 0002:000000b0       ??_C@_1LE@IFBIPOCJ@?$AA?$FL?$AA?$CL?$AA?$FN?$AA?5?$AAT?$AAo?$AAp?$AA?5?$AAo?$AAf?$AA?5?$AAu?$AAs?$AAe?$AAd@ 00000000000040b0     bootloader:bootloader.obj
 0002:00000168       ??_C@_1CM@NKMMLKJK@?$AAA?$AAC?$AAP?$AAI?$AA?5?$AAT?$AAa?$AAb?$AAl?$AAe?$AA?5?$AAN?$AAo?$AAt?$AA?5@ 0000000000004168     bootloader:bootloader.obj
 0002:00000198       ??_C@_1DC@GONHBPEI@?$AA?$FL?$AA?$CL?$AA?$FN?$AA?5?$AAS?$AAt?$AAa?$AAt?$AAu?$AAs?$AA?3?$AA?5?$AAE?$AAF?$AAI@ 0000000000004198     bootloader:bootloader.obj
 0002:000001d0       ??_C@_1DI@BHBCFHFD@?$AA?$FL?$AA?9?$AA?$FN?$AA?5?$AAS?$AAt?$AAa?$AAt?$AAu?$AAs?$AA?3?$AA?5?$AAE?$AAF?$AAI@ 00000000000041d0     bootloader:bootloader.obj
 0002:00000210       ??_C@_1EG@FJFKOJMI@?$AA?$FL?$AA?9?$AA?$FN?$AA?5?$AAS?$AAt?$AAa?$AAt?$AAu?$AAs?$AA?3?$AA?5?$AAE?$AAF?$AAI@ 0000000000004210     bootloader:bootloader.obj
 0002:00000258       ??_C@_1DK@LHEKLJIG@?$AA?$FL?$AA?9?$AA?$FN?$AA?5?$AAS?$AAt?$AAa?$AAt?$AAu?$AAs?$AA?3?$AA?5?$AAE?$AAF?$AAI@ 0000000000004258     bootloader:bootloader.obj
 0002:000002a0       ??_C@_1EC@PFECGOCK@?$AA?$FL?$AA?9?$AA?$FN?$AA?5?$AAS?$AAt?$AAa?$AAt?$AAu?$AAs?$AA?3?$AA?5?$AAE?$AAF?$AAI@ 00000000000042a0     bootloader:bootloader.obj
 0002:000002f0       ??_C@_1EE@LGGJKJND@?$AA?$FL?$AA?9?$AA?$FN?$AA?5?$AAS?$AAt?$AAa?$AAt?$AAu?$AAs?$AA?3?$AA?5?$AAE?$AAF?$AAI@ 00000000000042f0     bootloader:bootloader.obj
 0002:00000338       ??_C@_1DG@FLDOEICG@?$AA?$FL?$AA?9?$AA?$FN?$AA?5?$AAS?$AAt?$AAa?$AAt?$AAu?$AAs?$AA?3?$AA?5?$AAE?$AAF?$AAI@ 0000000000004338     bootloader:bootloader.obj
 0002:00000370       ??_C@_1DM@FOONFBOE@?$AA?$FL?$AA?9?$AA?$FN?$AA?5?$AAS?$AAt?$AAa?$AAt?$AAu?$AAs?$AA?3?$AA?5?$AAE?$AAF?$AAI@ 0000000000004370     bootloader:bootloader.obj
 0002:000003b0       ??_C@_1EC@KLBLBMOH@?$AA?$FL?$AA?9?$AA?$FN?$AA?5?$AAS?$AAt?$AAa?$AAt?$AAu?$AAs?$AA?3?$AA?5?$AAE?$AAF?$AAI@ 00000000000043b0     bootloader:bootloader.obj
 0002:00000400       ??_C@_1EE@CKGAEKCN@?$AA?$FL?$AA?9?$AA?$FN?$AA?5?$AAS?$AAt?$AAa?$AAt?$AAu?$AAs?$AA?3?$AA?5?$AAE?$AAF?$AAI@ 0000000000004400     bootloader:bootloader.obj
 0002:00000448       ??_C@_1DG@MONKDPCP@?$AA?$FL?$AA?9?$AA?$FN?$AA?5?$AAS?$AAt?$AAa?$AAt?$AAu?$AAs?$AA?3?$AA?5?$AAE?$AAF?$AAI@ 0000000000004448     bootloader:bootloader.obj
 0002:00000480       ??_C@_1DC@KLLGMLCE@?$AA?$FL?$AA?9?$AA?$FN?$AA?5?$AAS?$AAt?$AAa?$AAt?$AAu?$AAs?$AA?3?$AA?5?$AAE?$AAF?$AAI@ 0000000000004480     bootloader:bootloader.obj
 0002:000004b8       ??_C@_1DK@NGLKAGFD@?$AA?$FL?$AA?9?$AA?$FN?$AA?5?$AAS?$AAt?$AAa?$AAt?$AAu?$AAs?$AA?3?$AA?5?$AAU?$AAn?$AAk@ 00000000000044b8     bootloader:bootloader.obj
 0002:000004f8       ??_C@_1DO@FCOGAHHI@?$AA?$FL?$AA?$CB?$AA?$FN?$AA?5?$AAW?$AAa?$AAi?$AAt?$AAi?$AAn?$AAg?$AA?5?$AAf?$AAo?$AAr@ 00000000000044f8     bootloader:bootloader.obj
 0002:00000538       ??_C@_1DA@BHKBBFJH@?$AA?$FL?$AA?$CL?$AA?$FN?$AA?5?$AAB?$AAo?$AAo?$AAt?$AAl?$AAo?$AAa?$AAd?$AAe?$AAr?$AA?5@ 0000000000004538     bootloader:bootloader.obj
 0002:00000568       ??_C@_1DK@KAGHKBFN@?$AA?$FL?$AA?$CL?$AA?$FN?$AA?5?$AAB?$AAu?$AAi?$AAl?$AAd?$AAi?$AAn?$AAg?$AA?5?$AAp?$AAa@ 0000000000004568     bootloader:bootloader.obj
 0002:000005b0       ??_C@_1EC@IFMFAGHK@?$AA?$FL?$AA?9?$AA?$FN?$AA?5?$AAF?$AAa?$AAi?$AAl?$AAe?$AAd?$AA?5?$AAt?$AAo?$AA?5?$AAb@ 00000000000045b0     bootloader:bootloader.obj
 0002:00000600       ??_C@_1EA@GDLGPBED@?$AA?$FL?$AA?$CL?$AA?$FN?$AA?5?$AAP?$AAa?$AAg?$AAe?$AA?5?$AAt?$AAa?$AAb?$AAl?$AAe?$AAs@ 0000000000004600     bootloader:bootloader.obj
 0002:00000640       ??_C@_1DK@JLCPMMDM@?$AA?$FL?$AA?$CL?$AA?$FN?$AA?5?$AAL?$AAo?$AAa?$AAd?$AAi?$AAn?$AAg?$AA?5?$AAk?$AAe?$AAr@ 0000000000004640     bootloader:bootloader.obj
 0002:00000680       ??_C@_1CA@NDFKACHP@?$AAE?$AAF?$AAI?$AA?2?$AAB?$AAo?$AAo?$AAt?$AA?2?$AAo?$AAs?$AA?4?$AAb?$AAi?$AAn@ 0000000000004680     bootloader:bootloader.obj
 0002:000006a0       ??_C@_1DG@BJLPLOLA@?$AA?$FL?$AA?9?$AA?$FN?$AA?5?$AAF?$AAa?$AAi?$AAl?$AAe?$AAd?$AA?5?$AAt?$AAo?$AA?5?$AAo@ 00000000000046a0     bootloader:bootloader.obj
 0002:000006e0       ??_C@_1EA@MABCIJCD@?$AA?$FL?$AA?9?$AA?$FN?$AA?5?$AAF?$AAa?$AAi?$AAl?$AAe?$AAd?$AA?5?$AAt?$AAo?$AA?5?$AAm@ 00000000000046e0     bootloader:bootloader.obj
 0002:00000720       ??_C@_1EM@BEKMODBD@?$AA?$FL?$AA?9?$AA?$FN?$AA?5?$AAF?$AAa?$AAi?$AAl?$AAe?$AAd?$AA?5?$AAt?$AAo?$AA?5?$AAm@ 0000000000004720     bootloader:bootloader.obj
 0002:00000770       ??_C@_1FO@OHNIBKIK@?$AA?$FL?$AA?9?$AA?$FN?$AA?5?$AAF?$AAa?$AAi?$AAl?$AAe?$AAd?$AA?5?$AAt?$AAo?$AA?5?$AAl@ 0000000000004770     bootloader:bootloader.obj
 0002:000007d0       ??_C@_1GG@JOOLGFOL@?$AA?$FL?$AA?9?$AA?$FN?$AA?5?$AAF?$AAa?$AAi?$AAl?$AAe?$AAd?$AA?5?$AAt?$AAo?$AA?5?$AAq@ 00000000000047d0     bootloader:bootloader.obj
 0002:00000840       ??_C@_1EI@KKEFPFHG@?$AA?$FL?$AA?9?$AA?$FN?$AA?5?$AAF?$AAa?$AAi?$AAl?$AAe?$AAd?$AA?5?$AAt?$AAo?$AA?5?$AAg@ 0000000000004840     bootloader:bootloader.obj
 0002:00000890       ??_C@_1GK@NEFKDDAL@?$AA?$FL?$AA?$CL?$AA?$FN?$AA?5?$AAB?$AAo?$AAo?$AAt?$AA?5?$AAd?$AAe?$AAv?$AAi?$AAc?$AAe@ 0000000000004890     bootloader:bootloader.obj
 0002:00000900       ??_C@_1EM@EPMDJJAF@?$AA?$FL?$AA?9?$AA?$FN?$AA?5?$AAF?$AAa?$AAi?$AAl?$AAe?$AAd?$AA?5?$AAt?$AAo?$AA?5?$AAm@ 0000000000004900     bootloader:bootloader.obj
 0002:00000950       ??_C@_1DM@IJGJKAEI@?$AA?$FL?$AA?9?$AA?$FN?$AA?5?$AAF?$AAa?$AAi?$AAl?$AAe?$AAd?$AA?5?$AAt?$AAo?$AA?5?$AAa@ 0000000000004950     bootloader:bootloader.obj
 0002:00000990       ??_C@_1DC@LHMKENND@?$AA?$FL?$AA?9?$AA?$FN?$AA?5?$AAF?$AAa?$AAi?$AAl?$AAe?$AAd?$AA?5?$AAt?$AAo?$AA?5?$AAm@ 0000000000004990     bootloader:bootloader.obj
 0002:000009d0       ??_C@_1EA@LLJMBLMA@?$AA?$FL?$AA?$CL?$AA?$FN?$AA?5?$AAF?$AAr?$AAa?$AAm?$AAe?$AAb?$AAu?$AAf?$AAf?$AAe?$AAr@ 00000000000049d0     bootloader:bootloader.obj
 0002:00000a10       ??_C@_1CM@PEOKHNDO@?$AA?$FL?$AA?$CL?$AA?$FN?$AA?5?$AAp?$AAm?$AAl?$AA4?$AA_?$AAp?$AAh?$AAy?$AAs?$AA?3?$AA?5@ 0000000000004a10     bootloader:bootloader.obj
 0002:00000a40       ??_C@_1CC@FPILDKPL@?$AAP?$AAM?$AAL?$AA4?$AA?$FL?$AA5?$AA1?$AA0?$AA?$FN?$AA?5?$AA?$DN?$AA?5?$AA?$CF?$AAl?$AAx@ 0000000000004a40     bootloader:bootloader.obj
 0002:00000a68       ??_C@_1BO@GJKEODAA@?$AAP?$AAD?$AAP?$AAT?$AA?$FL?$AA0?$AA?$FN?$AA?5?$AA?$DN?$AA?5?$AA?$CF?$AAl?$AAx?$AA?6@ 0000000000004a68     bootloader:bootloader.obj
 0002:00000a88       ??_C@_1BM@GJEPHJDC@?$AA?5?$AAP?$AAD?$AA?$FL?$AA2?$AA?$FN?$AA?5?$AA?$DN?$AA?5?$AA?$CF?$AAl?$AAx?$AA?6@ 0000000000004a88     bootloader:bootloader.obj
 0002:00000aa8       ??_C@_0O@MLOLIMFM@?$DMnull?5string?$DO@ 0000000000004aa8     BasePrintLib:PrintLibInternal.obj
 0002:00000ab8       ??_C@_0M@BJJDNPHK@?$DMnull?5guid?$DO@ 0000000000004ab8     BasePrintLib:PrintLibInternal.obj
 0002:00000ac8       ??_C@_0DB@PMLHLBMO@?$CF08x?9?$CF04x?9?$CF04x?9?$CF02x?$CF02x?9?$CF02x?$CF02@ 0000000000004ac8     BasePrintLib:PrintLibInternal.obj
 0002:00000b00       ??_C@_0M@LHGBCIKM@?$DMnull?5time?$DO@ 0000000000004b00     BasePrintLib:PrintLibInternal.obj
 0002:00000b10       ??_C@_0BK@FCPKCIDD@?$CF02d?1?$CF02d?1?$CF04d?5?5?$CF02d?3?$CF02d@ 0000000000004b10     BasePrintLib:PrintLibInternal.obj
 0002:00000b2c       ??_C@_04JIMNDDED@?$CF08X@  0000000000004b2c     BasePrintLib:PrintLibInternal.obj
 0002:00000b34       ??_C@_02PCIJFNDE@?$AN?6@   0000000000004b34     BasePrintLib:PrintLibInternal.obj
 0002:00000b38       ??_C@_01LIIJDEN@?$AN@      0000000000004b38     BasePrintLib:PrintLibInternal.obj
 0002:00000b40       mWarningString             0000000000004b40     BasePrintLib:PrintLibInternal.obj
 0002:00000c10       mErrorString               0000000000004c10     BasePrintLib:PrintLibInternal.obj
 0002:00000ef0       mHexStr                    0000000000004ef0     BasePrintLib:PrintLibInternal.obj
 0002:00000f20       gST                        0000000000004f20     UefiBootServicesTableLib:UefiBootServicesTableLib.obj
 0002:00000f28       gImageHandle               0000000000004f28     UefiBootServicesTableLib:UefiBootServicesTableLib.obj
 0002:00000f30       gBS                        0000000000004f30     UefiBootServicesTableLib:UefiBootServicesTableLib.obj
 0002:00000f38       gRT                        0000000000004f38     UefiRuntimeServicesTableLib:UefiRuntimeServicesTableLib.obj
 0002:00000f40       __security_cookie          0000000000004f40     StackCheckLibNull:StackCheckLibNullMsvc.obj
 0002:00000f50       phys_bitmap                0000000000004f50     <common>
 0002:00000f60       __volatile_metadata        0000000000004f60     <linker-defined>

 entry point at        0001:00000010

 Static symbols

 0001:0000003c       pb_mark_used_range         000000000000103c f   bootloader:bootloader.obj
 0001:00000088       AllocPhysPage              0000000000001088 f   bootloader:bootloader.obj
 0001:000000ec       EnsurePd                   00000000000010ec f   bootloader:bootloader.obj
 0001:000001b4       Map2M                      00000000000011b4 f   bootloader:bootloader.obj
 0001:0000023c       Map4K                      000000000000123c f   bootloader:bootloader.obj
 0001:00000338       MapIdentityRange           0000000000001338 f   bootloader:bootloader.obj
 0001:00002390       $$000000                   0000000000003390     bootloader:jump.obj
 0001:000023a0       $$000000                   00000000000033a0     bootloader:gdt_set.obj
 0002:00000088       ACPI_10_TABLE_GUID         0000000000004088     bootloader:bootloader.obj
 0002:00000098       ACPI_20_TABLE_GUID         0000000000004098     bootloader:bootloader.obj
 0004:00000000       $unwind$AllocPhysPage      0000000000007000     bootloader:bootloader.obj
 0004:00000000       $unwind$FillBootDeviceInfo 0000000000007000     bootloader:bootloader.obj
 0004:00000008       $unwind$EnsurePd           0000000000007008     bootloader:bootloader.obj
 0004:00000020       $unwind$Map2M              0000000000007020     bootloader:bootloader.obj
 0004:00000030       $unwind$Map4K              0000000000007030     bootloader:bootloader.obj
 0004:00000030       $unwind$MapRangeVaToPa     0000000000007030     bootloader:bootloader.obj
 0004:00000048       $unwind$MapIdentityRange   0000000000007048     bootloader:bootloader.obj
 0004:00000060       $unwind$BuildIdentityPageTablesFromUefi 0000000000007060     bootloader:bootloader.obj
 0004:00000078       $unwind$PrintStatusAndWait 0000000000007078     bootloader:bootloader.obj
 0004:00000078       $unwind$InternalAllocatePool 0000000000007078     UefiMemoryAllocationLib:MemoryAllocationLib.obj
 0004:00000080       $unwind$efi_main           0000000000007080     bootloader:bootloader.obj
 0004:00000098       $unwind$InternalPrint      0000000000007098     UefiLib:UefiLibPrint.obj
 0004:000000ac       $unwind$Print              00000000000070ac     UefiLib:UefiLibPrint.obj
 0004:000000b4       $unwind$BasePrintLibSPrintMarker 00000000000070b4     BasePrintLib:PrintLibInternal.obj
 0004:000000d8       $unwind$BasePrintLibSPrint 00000000000070d8     BasePrintLib:PrintLibInternal.obj
